
> servyra@1.0.0 build
> next build

▲ Next.js 16.3.3 (Turbopack)
✓ Running next.config.ts took 33ms
⚠ No build cache found. Please configure build caching for faster rebuilds. Read more: https://nextjs.org/docs/messages/no-cache
Attention: Next.js now collects completely anonymous telemetry regarding usage.
This information is used to shape Next.js' roadmap and prioritize features.
You can learn more, including how to opt-out if you'd not like to participate in this anonymous program, by visiting the following URL:
https://nextjs.org/telemetry


  Creating an optimized production build ...

> Build error occurred
Error: Turbopack build failed with 2 errors:
./app/legal/confidentialite/page.tsx:1:606
Error: Expected '}', got '<eof>'
[31m[1m>[0m [90m1 |[0m ... accès non autorisés.<[35m/p></section[0m></main>
  [90m  |[0m                                              [31m[1m^[0m

Parsing ecmascript source code failed


./app/legal/mentions/page.tsx:1:368
Error: Expected '}', got '<eof>'
[31m[1m>[0m [90m1 |[0m ...ementaires applicables.<[35m/p></section[0m></main>
  [90m  |[0m                                                [31m[1m^[0m

Parsing ecmascript source code failed


    at <unknown> (./app/legal/confidentialite/page.tsx:1:606)
    at <unknown> (./app/legal/mentions/page.tsx:1:368)
